2026-09-12 01:04:43,365 [DEBUG] --- Starting Validation & Import for: c:\Users\saif\Desktop\convert script\script company\Steal Away Reel 5 CCSL.docx ---
2026-09-12 01:04:43,423 [DEBUG] Validation Failed: File Not Found - The specified script file could not be found on disk.
2026-09-12 01:04:43,424 [DEBUG] --- Starting Validation & Import for: c:\Users\saif\Desktop\convert script\script correct formate\Steal Away Reel 5 CCSL_ERytmo_FormatA.docx ---
2026-09-12 01:04:43,424 [DEBUG] Validation Failed: File Not Found - The specified script file could not be found on disk.
2026-09-12 01:04:43,424 [DEBUG] --- Starting Validation & Import for: c:\Users\saif\Desktop\convert script\requirements.txt ---
2026-09-12 01:04:43,427 [DEBUG] Validation Failed: Unable to Understand Script Format - The structure of this script is currently not supported because no valid timecodes (e.g. 05:00:00:00) were detected.
2026-09-12 01:05:42,146 [DEBUG] --- Starting Validation & Import for: c:\Users\saif\Desktop\convert script\script examples\Steal Away Reel 5 CCSL.docx ---
2026-09-12 01:05:42,216 [DEBUG] Validation Failed: File Not Found - The specified script file could not be found on disk.
2026-09-12 01:05:42,217 [DEBUG] --- Starting Validation & Import for: c:\Users\saif\Desktop\convert script\Steal Away Reel 5 CCSL_ERytmo_FormatA.txt ---
2026-09-12 01:05:42,217 [DEBUG] Validation Failed: File Not Found - The specified script file could not be found on disk.
2026-09-12 01:05:42,217 [DEBUG] --- Starting Validation & Import for: c:\Users\saif\Desktop\convert script\requirements.txt ---
2026-09-12 01:05:42,220 [DEBUG] Validation Failed: Unable to Understand Script Format - The structure of this script is currently not supported because no valid timecodes (e.g. 05:00:00:00) were detected.
2026-09-12 01:06:58,139 [DEBUG] --- Starting Validation & Import for: c:\Users\saif\Desktop\convert script\src\test_output.docx ---
2026-09-12 01:06:58,355 [DEBUG] Parsing DOCX file: c:\Users\saif\Desktop\convert script\src\test_output.docx
2026-09-12 01:06:58,577 [DEBUG] Successfully processed 161 cues. Status: VALID
2026-09-12 01:06:58,578 [DEBUG] --- Starting Validation & Import for: c:\Users\saif\Desktop\convert script\requirements.txt ---
2026-09-12 01:06:58,580 [DEBUG] Validation Failed: Unable to Understand Script Format - The structure of this script is currently not supported because no valid timecodes (e.g. 05:00:00:00) were detected.
2026-09-12 01:06:58,580 [DEBUG] --- Starting Validation & Import for: c:\Users\saif\Desktop\convert script\README.md ---
2026-09-12 01:06:58,581 [DEBUG] Validation Failed: Unsupported File Format - The file extension '.md' is currently not supported.
2026-09-12 02:08:59,593 [DEBUG] --- Starting Validation & Import for: c:\Users\saif\Desktop\convert script\src\Breaking_Bad_Test.docx ---
2026-09-12 02:08:59,686 [DEBUG] Parsing DOCX file: c:\Users\saif\Desktop\convert script\src\Breaking_Bad_Test.docx
2026-09-12 02:08:59,727 [DEBUG] Successfully processed 11 cues. Status: NORMALIZABLE
2026-09-12 02:23:56,832 [DEBUG] --- Starting Validation & Import for: c:\Users\saif\Desktop\convert script\src\CCSL_Reel5_Test.docx ---
2026-09-12 02:23:56,946 [DEBUG] Parsing DOCX file: c:\Users\saif\Desktop\convert script\src\CCSL_Reel5_Test.docx
2026-09-12 02:23:57,028 [DEBUG] Successfully processed 5 cues. Status: NORMALIZABLE
2026-09-12 02:24:13,225 [DEBUG] --- Starting Validation & Import for: c:\Users\saif\Desktop\convert script\src\CCSL_Reel5_Test.docx ---
2026-09-12 02:24:13,351 [DEBUG] Parsing DOCX file: c:\Users\saif\Desktop\convert script\src\CCSL_Reel5_Test.docx
2026-09-12 02:24:13,460 [DEBUG] Successfully processed 5 cues. Status: NORMALIZABLE
2026-09-12 02:44:27,790 [DEBUG] --- Starting Validation & Import for: c:\Users\saif\Desktop\convert script\Steal Away Reel 5 CCSL.docx ---
2026-09-12 02:44:28,560 [DEBUG] Parsing DOCX file: c:\Users\saif\Desktop\convert script\Steal Away Reel 5 CCSL.docx
2026-09-12 02:44:28,864 [DEBUG] Unexpected Exception Caught:
Traceback (most recent call last):
  File "c:\Users\saif\Desktop\convert script\src\script_parser.py", line 366, in safe_validate_and_convert
    raw_rows = parse_docx(input_path)
               ^^^^^^^^^^^^^^^^^^^^^^
  File "c:\Users\saif\Desktop\convert script\src\script_parser.py", line 199, in parse_docx
    if text_idx == -1 and i not in numeric_id_cols:
                                   ^^^^^^^^^^^^^^^
UnboundLocalError: cannot access local variable 'numeric_id_cols' where it is not associated with a value

2026-09-12 02:45:18,385 [DEBUG] --- Starting Validation & Import for: c:\Users\saif\Desktop\convert script\Steal Away Reel 5 CCSL.docx ---
2026-09-12 02:45:19,847 [DEBUG] Parsing DOCX file: c:\Users\saif\Desktop\convert script\Steal Away Reel 5 CCSL.docx
2026-09-12 02:45:38,910 [DEBUG] Unexpected Exception Caught:
Traceback (most recent call last):
  File "c:\Users\saif\Desktop\convert script\src\script_parser.py", line 361, in safe_validate_and_convert
    raw_rows = parse_docx(input_path)
               ^^^^^^^^^^^^^^^^^^^^^^
  File "c:\Users\saif\Desktop\convert script\src\script_parser.py", line 189, in parse_docx
    for i, norm_h in enumerate(norm_hdrs):
                               ^^^^^^^^^
NameError: name 'norm_hdrs' is not defined

2026-09-12 02:46:08,012 [DEBUG] --- Starting Validation & Import for: c:\Users\saif\Desktop\convert script\Steal Away Reel 5 CCSL.docx ---
2026-09-12 02:46:10,494 [DEBUG] Parsing DOCX file: c:\Users\saif\Desktop\convert script\Steal Away Reel 5 CCSL.docx
2026-09-12 02:46:16,350 [DEBUG] Unexpected Exception Caught:
Traceback (most recent call last):
  File "c:\Users\saif\Desktop\convert script\src\script_parser.py", line 361, in safe_validate_and_convert
    raw_rows = parse_docx(input_path)
               ^^^^^^^^^^^^^^^^^^^^^^
  File "c:\Users\saif\Desktop\convert script\src\script_parser.py", line 189, in parse_docx
    for i, norm_h in enumerate(norm_hdrs):
                               ^^^^^^^^^
NameError: name 'norm_hdrs' is not defined

2026-09-12 02:47:19,646 [DEBUG] --- Starting Validation & Import for: c:\Users\saif\Desktop\convert script\Steal Away Reel 5 CCSL.docx ---
2026-09-12 02:47:21,247 [DEBUG] Parsing DOCX file: c:\Users\saif\Desktop\convert script\Steal Away Reel 5 CCSL.docx
2026-09-12 02:47:38,793 [DEBUG] Successfully processed 161 cues. Status: NORMALIZABLE
2026-09-12 02:49:31,314 [DEBUG] --- Starting Validation & Import for: c:\Users\saif\Desktop\convert script\Steal Away Reel 5 CCSL.docx ---
2026-09-12 02:49:33,899 [DEBUG] Parsing DOCX file: c:\Users\saif\Desktop\convert script\Steal Away Reel 5 CCSL.docx
2026-09-12 02:49:47,007 [DEBUG] Successfully processed 161 cues. Status: NORMALIZABLE
2026-09-12 02:50:19,640 [DEBUG] --- Starting Validation & Import for: c:\Users\saif\Desktop\convert script\Steal Away Reel 5 CCSL.docx ---
2026-09-12 02:50:20,942 [DEBUG] Parsing DOCX file: c:\Users\saif\Desktop\convert script\Steal Away Reel 5 CCSL.docx
2026-09-12 02:50:35,708 [DEBUG] Successfully processed 161 cues. Status: NORMALIZABLE
